// Jest Snapshot v1, https://goo.gl/fbAQLP

exports[`SettingsScreen should match the snapshot 1`] = `
<withTheme(ScreenContainer)
  hasSafeArea={true}
  scrollable={false}
  style={
    Object {
      "backgroundColor": "rgba(35, 43, 63, 1)",
      "justifyContent": "space-around",
      "paddingHorizontal": 20,
    }
  }
>
  <ForwardRef
    disabled={true}
    onPress={[Function]}
  >
    <withTheme(Container)
      elevation={0}
      style={
        Object {
          "alignItems": "center",
          "marginTop": NaN,
        }
      }
      useThemeGutterPadding={true}
    >
      <Icon
        color="#00818a"
        name="Ionicons/ios-person"
        size={200}
      />
      <Text
        style={
          Array [
            Object {
              "textAlign": "center",
              "width": "100%",
            },
            Object {
              "fontFamily": "RubikMedium",
              "fontSize": 60,
              "lineHeight": 75,
            },
            Object {
              "color": "rgba(255, 255, 255, 1)",
            },
          ]
        }
      >
        Tap here to fix chat
      </Text>
      <Text
        style={
          Array [
            Object {
              "textAlign": "center",
              "width": "100%",
            },
            Object {
              "fontFamily": "RubikRegular",
              "fontSize": 30,
              "lineHeight": 47.14285714285714,
            },
            Object {
              "color": "rgba(153, 172, 185, 1)",
            },
          ]
        }
        testID="appVersion"
      >
        @dozyapp mock
      </Text>
    </withTheme(Container)>
  </ForwardRef>
  <withTheme(Container)
    elevation={0}
    style={
      Object {
        "alignItems": "flex-start",
        "backgroundColor": "#404b69",
        "borderRadius": 10,
        "paddingLeft": 5,
        "paddingRight": 0,
        "paddingVertical": 10,
        "width": "100%",
      }
    }
    useThemeGutterPadding={true}
  >
    <withTheme(Container)
      elevation={0}
      style={
        Array [
          Object {
            "alignItems": "center",
            "justifyContent": "space-between",
            "paddingTop": 15,
          },
          Object {
            "flexDirection": "row",
            "paddingBottom": 15,
          },
        ]
      }
      useThemeGutterPadding={true}
    >
      <Text
        style={
          Array [
            undefined,
            Object {
              "fontFamily": "RubikRegular",
              "fontSize": 34.285714285714285,
              "lineHeight": 55.714285714285715,
            },
            Object {
              "color": "rgba(255, 255, 255, 1)",
            },
          ]
        }
      >
        Connect to Oura
      </Text>
      <withTheme(Switch)
        color="#00818a"
        disabled={false}
        onValueChange={[Function]}
        value={false}
      />
    </withTheme(Container)>
    <View
      style={
        Object {
          "alignSelf": "flex-end",
          "backgroundColor": "rgba(255, 255, 255, 0.87)",
          "height": 0.5,
          "marginVertical": 10,
          "width": "95%",
        }
      }
    />
    <withTheme(Container)
      elevation={0}
      style={
        Array [
          Object {
            "flexDirection": "row",
            "paddingBottom": 15,
          },
          Object {
            "alignItems": "center",
          },
        ]
      }
      useThemeGutterPadding={true}
    >
      <Text
        style={
          Object {
            "color": "rgba(255, 255, 255, 1)",
            "fontFamily": "RubikRegular",
            "fontSize": 30,
            "lineHeight": 47.14285714285714,
          }
        }
      >
        Sleep log & check-in reminders
      </Text>
      <withTheme(Switch)
        color="#00818a"
        disabled={false}
        onValueChange={[Function]}
        value={false}
      />
    </withTheme(Container)>
    <View
      style={
        Object {
          "alignSelf": "flex-end",
          "backgroundColor": "rgba(255, 255, 255, 0.87)",
          "height": 0.5,
          "marginVertical": 10,
          "width": "95%",
        }
      }
    />
    <withTheme(Container)
      elevation={0}
      style={
        Object {
          "flexDirection": "row",
          "paddingBottom": 15,
        }
      }
      useThemeGutterPadding={true}
    >
      <Text
        style={
          Object {
            "color": "rgba(255, 255, 255, 1)",
            "fontFamily": "RubikRegular",
            "fontSize": 30,
            "lineHeight": 47.14285714285714,
          }
        }
      >
        Sleep log reminder time
      </Text>
      <withTheme(DatePicker)
        date={2021-01-01T00:00:00.000Z}
        disabled={false}
        error={false}
        format="h:MM TT"
        label="Time"
        leftIconMode="inset"
        mode="time"
        onDateChange={[Function]}
        style={
          Object {
            "minWidth": 100,
            "padding": 0,
            "paddingVertical": 0,
            "position": "absolute",
            "right": 0,
            "top": -24,
          }
        }
        type="underline"
      />
    </withTheme(Container)>
    <View
      style={
        Object {
          "alignSelf": "flex-end",
          "backgroundColor": "rgba(255, 255, 255, 0.87)",
          "height": 0.5,
          "marginVertical": 10,
          "width": "95%",
        }
      }
    />
    <_default
      onPress={[Function]}
      style={
        Object {
          "width": "100%",
        }
      }
    >
      <withTheme(Container)
        elevation={0}
        style={
          Object {
            "flexDirection": "row",
            "paddingBottom": 15,
          }
        }
        useThemeGutterPadding={true}
      >
        <Text
          style={
            Array [
              Object {
                "color": "rgba(255, 255, 255, 1)",
                "fontFamily": "RubikRegular",
                "fontSize": 30,
                "lineHeight": 47.14285714285714,
              },
              Object {
                "color": "rgba(255, 69, 100, 1)",
              },
            ]
          }
        >
          Sign out of Dozy
        </Text>
      </withTheme(Container)>
    </_default>
  </withTheme(Container)>
</withTheme(ScreenContainer)>
`;
