// Jest Snapshot v1, https://goo.gl/fbAQLP

exports[`SettingsScreen should match the snapshot 1`] = `
<withTheme(ScreenContainer)
  hasSafeArea={true}
  scrollable={false}
  style={
    Object {
      "backgroundColor": "rgba(35, 43, 63, 1)",
      "justifyContent": "space-around",
    }
  }
>
  <ForwardRef
    disabled={true}
    onPress={[Function]}
  >
    <withTheme(Container)
      elevation={0}
      style={
        Object {
          "alignItems": "center",
          "marginTop": NaN,
        }
      }
      useThemeGutterPadding={true}
    >
      <Icon
        color="rgba(0, 129, 138, 1)"
        name="Ionicons/ios-person"
        size={200}
      />
      <Text
        style={
          Array [
            Object {
              "textAlign": "center",
              "width": "100%",
            },
            Object {
              "fontFamily": "RubikMedium",
              "fontSize": 60,
              "lineHeight": 75,
            },
            Object {
              "color": "rgba(255, 255, 255, 1)",
            },
          ]
        }
      >
        Tap here to fix chat
      </Text>
      <Text
        style={
          Array [
            Object {
              "textAlign": "center",
              "width": "100%",
            },
            Object {
              "fontFamily": "RubikRegular",
              "fontSize": 30,
              "lineHeight": 47.14285714285714,
            },
            Object {
              "color": "rgba(153, 172, 185, 1)",
            },
          ]
        }
        testID="appVersion"
      >
        @dozyapp 0.7.17
      </Text>
    </withTheme(Container)>
  </ForwardRef>
  <withTheme(Container)
    elevation={0}
    style={
      Object {
        "alignItems": "flex-start",
      }
    }
    useThemeGutterPadding={true}
  >
    <_default
      onPress={[Function]}
      style={
        Object {
          "paddingBottom": 15,
        }
      }
    >
      <withTheme(Container)
        elevation={0}
        style={
          Object {
            "alignItems": "center",
            "flexDirection": "row",
            "justifyContent": "space-between",
            "minWidth": 0,
            "paddingBottom": 15,
          }
        }
        useThemeGutterPadding={true}
      >
        <Text
          style={
            Array [
              Object {
                "textAlign": "center",
                "width": "100%",
              },
              Object {
                "fontFamily": "RubikRegular",
                "fontSize": 34.285714285714285,
                "lineHeight": 55.714285714285715,
              },
              Object {
                "textAlign": "left",
              },
              Object {
                "color": "rgba(255, 255, 255, 1)",
              },
            ]
          }
        >
          Log out
        </Text>
        <Icon
          color="rgba(0, 129, 138, 1)"
          name="Ionicons/md-mail"
          size={36}
          style={Object {}}
        />
      </withTheme(Container)>
    </_default>
    <withTheme(Container)
      elevation={0}
      style={
        Object {
          "alignItems": "center",
          "flexDirection": "row",
          "justifyContent": "space-between",
          "minWidth": 0,
          "paddingBottom": 15,
        }
      }
      useThemeGutterPadding={true}
    >
      <Text
        style={
          Array [
            undefined,
            Object {
              "fontFamily": "RubikRegular",
              "fontSize": 34.285714285714285,
              "lineHeight": 55.714285714285715,
            },
            Object {
              "color": "rgba(255, 255, 255, 1)",
            },
          ]
        }
      >
        Sleep log reminders
      </Text>
      <withTheme(Switch)
        color="rgba(0, 129, 138, 1)"
        disabled={false}
        onValueChange={[Function]}
        value={false}
      />
    </withTheme(Container)>
    <withTheme(Container)
      elevation={0}
      style={
        Object {
          "alignItems": "center",
          "flexDirection": "row",
          "justifyContent": "space-between",
        }
      }
      useThemeGutterPadding={true}
    >
      <Text
        style={
          Array [
            undefined,
            Object {
              "fontFamily": "RubikRegular",
              "fontSize": 34.285714285714285,
              "lineHeight": 55.714285714285715,
            },
            Object {
              "color": "rgba(255, 255, 255, 1)",
            },
          ]
        }
      >
        Reminder time
      </Text>
      <withTheme(DatePicker)
        date={2021-01-01T00:00:00.000Z}
        disabled={false}
        error={false}
        format="h:MM TT"
        label="Time"
        leftIconMode="inset"
        mode="time"
        onDateChange={[Function]}
        style={
          Object {
            "marginLeft": 0,
            "minWidth": 100,
            "paddingLeft": 0,
          }
        }
        type="solid"
      />
    </withTheme(Container)>
  </withTheme(Container)>
</withTheme(ScreenContainer)>
`;
