// Jest Snapshot v1, https://goo.gl/fbAQLP

exports[`SettingsScreen should match the snapshot 1`] = `
<withTheme(ScreenContainer)
  hasSafeArea={true}
  scrollable={false}
  style={
    Object {
      "backgroundColor": "rgba(35, 43, 63, 1)",
      "justifyContent": "space-around",
      "paddingHorizontal": 20,
    }
  }
>
  <ForwardRef
    disabled={true}
    onPress={[Function]}
  >
    <withTheme(Container)
      elevation={0}
      style={
        Object {
          "alignItems": "center",
          "marginTop": NaN,
        }
      }
      useThemeGutterPadding={true}
    >
      <Icon
        color="rgba(0, 129, 138, 1)"
        name="Ionicons/ios-person"
        size={200}
      />
      <Text
        style={
          Array [
            Object {
              "textAlign": "center",
              "width": "100%",
            },
            Object {
              "fontFamily": "RubikMedium",
              "fontSize": 60,
              "lineHeight": 75,
            },
            Object {
              "color": "rgba(255, 255, 255, 1)",
            },
          ]
        }
      >
        Tap here to fix chat
      </Text>
      <Text
        style={
          Array [
            Object {
              "textAlign": "center",
              "width": "100%",
            },
            Object {
              "fontFamily": "RubikRegular",
              "fontSize": 30,
              "lineHeight": 47.14285714285714,
            },
            Object {
              "color": "rgba(153, 172, 185, 1)",
            },
          ]
        }
        testID="appVersion"
      >
        @dozyapp mock
      </Text>
    </withTheme(Container)>
  </ForwardRef>
  <Text
    style={
      Object {
        "bottom": -20,
        "color": "rgba(255, 255, 255, 1)",
        "fontFamily": "RubikMedium",
        "fontSize": 34.285714285714285,
        "lineHeight": 51.42857142857143,
      }
    }
  >
    Settings
  </Text>
  <withTheme(Container)
    elevation={0}
    style={
      Object {
        "alignItems": "flex-start",
        "backgroundColor": "rgba(64, 75, 105, 1)",
        "borderRadius": 10,
        "paddingVertical": 10,
        "width": "100%",
      }
    }
    useThemeGutterPadding={true}
  >
    <withTheme(Container)
      elevation={0}
      style={
        Object {
          "alignItems": "flex-start",
          "flexDirection": "row",
          "justifyContent": "space-between",
          "paddingVertical": 10,
        }
      }
      useThemeGutterPadding={true}
    >
      <Text
        style={
          Object {
            "color": "rgba(255, 255, 255, 0.87)",
            "flexWrap": "wrap",
            "fontFamily": "RubikRegular",
            "fontSize": 34.285714285714285,
            "lineHeight": 55.714285714285715,
            "maxWidth": 200,
          }
        }
      >
        Sleep log & check-in reminders
      </Text>
      <withTheme(Switch)
        color="rgba(0, 129, 138, 1)"
        disabled={false}
        onValueChange={[Function]}
        value={false}
      />
    </withTheme(Container)>
    <View
      style={
        Object {
          "alignSelf": "flex-end",
          "backgroundColor": "rgba(255, 255, 255, 0.87)",
          "height": 0.5,
          "marginVertical": 10,
          "width": "95%",
        }
      }
    />
    <withTheme(Container)
      elevation={0}
      style={
        Object {
          "alignItems": "flex-start",
          "flexDirection": "row",
          "justifyContent": "space-between",
          "paddingVertical": 10,
        }
      }
      useThemeGutterPadding={true}
    >
      <Text
        style={
          Array [
            Object {
              "color": "rgba(255, 255, 255, 0.87)",
              "flexWrap": "wrap",
              "fontFamily": "RubikRegular",
              "fontSize": 34.285714285714285,
              "lineHeight": 55.714285714285715,
              "maxWidth": 200,
            },
            Object {
              "fontFamily": "RubikRegular",
              "fontSize": 34.285714285714285,
              "lineHeight": 55.714285714285715,
            },
            Object {
              "color": "rgba(255, 255, 255, 1)",
            },
          ]
        }
      >
        Sleep log reminder time
      </Text>
      <withTheme(DatePicker)
        date={2021-01-01T00:00:00.000Z}
        disabled={false}
        error={false}
        format="h:MM TT"
        label="Time"
        leftIconMode="inset"
        mode="time"
        onDateChange={[Function]}
        style={
          Object {
            "minWidth": 100,
          }
        }
        type="solid"
      />
    </withTheme(Container)>
    <View
      style={
        Object {
          "alignSelf": "flex-end",
          "backgroundColor": "rgba(255, 255, 255, 0.87)",
          "height": 0.5,
          "marginVertical": 10,
          "width": "95%",
        }
      }
    />
    <_default
      onPress={[Function]}
      style={
        Object {
          "width": "100%",
        }
      }
    >
      <withTheme(Container)
        elevation={0}
        style={
          Object {
            "alignItems": "flex-start",
            "flexDirection": "row",
            "justifyContent": "space-between",
            "paddingVertical": 10,
          }
        }
        useThemeGutterPadding={true}
      >
        <Text
          style={
            Array [
              Object {
                "color": "rgba(255, 255, 255, 0.87)",
                "flexWrap": "wrap",
                "fontFamily": "RubikRegular",
                "fontSize": 34.285714285714285,
                "lineHeight": 55.714285714285715,
                "maxWidth": 200,
              },
              Object {
                "color": "rgba(255, 69, 100, 1)",
              },
            ]
          }
        >
          Log out of Dozy
        </Text>
        <Icon
          color="rgba(255, 69, 100, 1)"
          name="Ionicons/md-mail"
          size={30}
        />
      </withTheme(Container)>
    </_default>
  </withTheme(Container)>
</withTheme(ScreenContainer)>
`;
